set optimizer_print_missing_stats = off;
drop table if exists ctas_src;
NOTICE:  table "ctas_src" does not exist, skipping
drop table if exists ctas_dst;
NOTICE:  table "ctas_dst" does not exist, skipping
create table ctas_src (domain integer, class integer, attr text, value integer) distributed by (domain);
insert into ctas_src values(1, 1, 'A', 1);
insert into ctas_src values(2, 1, 'A', 0);
insert into ctas_src values(3, 0, 'B', 1);
-- MPP-2859
create table ctas_dst as 
SELECT attr, class, (select count(distinct class) from ctas_src) as dclass FROM ctas_src GROUP BY attr, class distributed by (attr);
drop table ctas_dst;
create table ctas_dst as 
SELECT attr, class, (select max(class) from ctas_src) as maxclass FROM ctas_src GROUP BY attr, class distributed by (attr);
drop table ctas_dst;
create table ctas_dst as 
SELECT attr, class, (select count(distinct class) from ctas_src) as dclass, (select max(class) from ctas_src) as maxclass, (select min(class) from ctas_src) as minclass FROM ctas_src GROUP BY attr, class distributed by (attr);
-- MPP-4298: "unknown" datatypes.
drop table if exists ctas_foo;
NOTICE:  table "ctas_foo" does not exist, skipping
drop table if exists ctas_bar;
NOTICE:  table "ctas_bar" does not exist, skipping
drop table if exists ctas_baz;
NOTICE:  table "ctas_baz" does not exist, skipping
create table ctas_foo as select * from generate_series(1, 100);
NOTICE:  Table doesn't have 'DISTRIBUTED BY' clause. Creating a NULL policy entry.
create table ctas_bar as select a.generate_series as a, b.generate_series as b from ctas_foo a, ctas_foo b;
NOTICE:  Table doesn't have 'DISTRIBUTED BY' clause. Creating a NULL policy entry.
create table ctas_baz as select 'delete me' as action, * from ctas_bar distributed by (a);
WARNING:  column "action" has type "unknown"
DETAIL:  Proceeding with relation creation anyway.
-- "action" has no type.
\d ctas_baz
   Table "public.ctas_baz"
 Column |  Type   | Modifiers 
--------+---------+-----------
 action | unknown | 
 a      | integer | 
 b      | integer | 
Distributed by: (a)

-- start_matchsubs
-- m/^(ERROR:  .*)\(parse_coerce\.c:\d+\)$/
-- s/\(parse_coerce\.c:\d+\)$/(parse_coerce.c:XXX)/
-- end_matchsubs
select action, b from ctas_baz order by 1,2 limit 5;
ERROR:  failed to find conversion function from unknown to text (parse_coerce.c:544)
select action, b from ctas_baz order by 2 limit 5;
  action   | b 
-----------+---
 delete me | 1
 delete me | 1
 delete me | 1
 delete me | 1
 delete me | 1
(5 rows)

select action::text, b from ctas_baz order by 1,2 limit 5;
  action   | b 
-----------+---
 delete me | 1
 delete me | 1
 delete me | 1
 delete me | 1
 delete me | 1
(5 rows)

alter table ctas_baz alter column action type text;
\d ctas_baz
   Table "public.ctas_baz"
 Column |  Type   | Modifiers 
--------+---------+-----------
 action | text    | 
 a      | integer | 
 b      | integer | 
Distributed by: (a)

select action, b from ctas_baz order by 1,2 limit 5;
  action   | b 
-----------+---
 delete me | 1
 delete me | 1
 delete me | 1
 delete me | 1
 delete me | 1
(5 rows)

select action, b from ctas_baz order by 2 limit 5;
  action   | b 
-----------+---
 delete me | 1
 delete me | 1
 delete me | 1
 delete me | 1
 delete me | 1
(5 rows)

select action::text, b from ctas_baz order by 1,2 limit 5;
  action   | b 
-----------+---
 delete me | 1
 delete me | 1
 delete me | 1
 delete me | 1
 delete me | 1
(5 rows)

-- Test CTAS with a function that executes another query that's dispatched.
-- Once upon a time, we had a bug in dispatching the table's OID in this
-- scenario.
create table ctas_input(x int);
NOTICE:  Table doesn't have 'DISTRIBUTED BY' clause -- Using column named 'x' as the Greenplum Database data distribution key for this table.
HINT:  The 'DISTRIBUTED BY' clause determines the distribution of data. Make sure column(s) chosen are the optimal data distribution key to minimize skew.
insert into ctas_input select * from generate_series(1, 10);
CREATE FUNCTION ctas_inputArray() RETURNS INT[] AS $$
DECLARE theArray INT[];
BEGIN
   SELECT array(SELECT * FROM ctas_input ORDER BY x) INTO theArray;
   RETURN theArray;
--EXCEPTION WHEN OTHERS THEN RAISE NOTICE 'Catching the exception ...%', SQLERRM;
END;
$$ LANGUAGE plpgsql;
create table ctas_output as select ctas_inputArray()::int[] as x;
NOTICE:  Table doesn't have 'DISTRIBUTED BY' clause -- Using column(s) named 'x' as the Greenplum Database data distribution key for this table.
HINT:  The 'DISTRIBUTED BY' clause determines the distribution of data. Make sure column(s) chosen are the optimal data distribution key to minimize skew.
-- Test CTAS with VALUES.
CREATE TEMP TABLE yolo(i, j, k) AS (VALUES (0,0,0), (1, NULL, 0), (2, NULL, 0), (3, NULL, 0)) DISTRIBUTED BY (i);
--
-- Test that the rows are distributed correctly in CTAS, even if the query
-- has an ORDER BY. This used to tickle a bug at one point.
--
DROP TABLE IF EXISTS ctas_src, ctas_dst;
CREATE TABLE ctas_src(
col1 int4,
col2 decimal,
col3 char,
col4 boolean,
col5 int
) DISTRIBUTED by(col4);
-- I'm not sure why, but dropping a column was crucial to tickling the
-- original bug.
ALTER TABLE ctas_src DROP COLUMN col2;
INSERT INTO ctas_src(col1, col3,col4,col5)
    SELECT g, 'a',True,g from generate_series(1,5) g;
CREATE TABLE ctas_dst as SELECT col1,col3,col4,col5 FROM ctas_src order by 1;
NOTICE:  Table doesn't have 'DISTRIBUTED BY' clause -- Using column(s) named 'col4' as the Greenplum Database data distribution key for this table.
HINT:  The 'DISTRIBUTED BY' clause determines the distribution of data. Make sure column(s) chosen are the optimal data distribution key to minimize skew.
-- This will fail to find some of the rows, if they're distributed incorrectly.
SELECT * FROM ctas_src, ctas_dst WHERE ctas_src.col1 = ctas_dst.col1;
 col1 | col3 | col4 | col5 | col1 | col3 | col4 | col5 
------+------+------+------+------+------+------+------
    1 | a    | t    |    1 |    1 | a    | t    |    1
    2 | a    | t    |    2 |    2 | a    | t    |    2
    3 | a    | t    |    3 |    3 | a    | t    |    3
    4 | a    | t    |    4 |    4 | a    | t    |    4
    5 | a    | t    |    5 |    5 | a    | t    |    5
(5 rows)

-- Github Issue 9365: https://github.com/greenplum-db/gpdb/issues/9365
-- Previously, the following CTAS case miss dispatching OIDs to QEs, which leads to
-- errors.
CREATE OR REPLACE FUNCTION array_unnest_2d_to_1d(
  x ANYARRAY,
  OUT unnest_row_id INT,
  OUT unnest_result ANYARRAY
)
RETURNS SETOF RECORD
AS
$BODY$
  SELECT t2.r::int, array_agg($1[t2.r][t2.c] order by t2.c) FROM
  (
    SELECT generate_series(array_lower($1,2),array_upper($1,2)) as c, t1.r
    FROM
    (
      SELECT generate_series(array_lower($1,1),array_upper($1,1)) as r
    ) t1
  ) t2
GROUP BY t2.r
$BODY$ LANGUAGE SQL IMMUTABLE
;
DROP TABLE IF EXISTS unnest_2d_tbl01;
NOTICE:  table "unnest_2d_tbl01" does not exist, skipping
CREATE TABLE unnest_2d_tbl01 (id INT, val DOUBLE PRECISION[][]);
NOTICE:  Table doesn't have 'DISTRIBUTED BY' clause -- Using column named 'id' as the Greenplum Database data distribution key for this table.
HINT:  The 'DISTRIBUTED BY' clause determines the distribution of data. Make sure column(s) chosen are the optimal data distribution key to minimize skew.
INSERT INTO unnest_2d_tbl01 VALUES
  (1, ARRAY[[1::float8,2],[3::float8,4],[5::float8,6],[7::float8,8]]),
  (2, ARRAY[[101::float8,202],[303::float8,404],[505::float8,606]])
;
DROP TABLE IF EXISTS unnest_2d_tbl01_out;
NOTICE:  table "unnest_2d_tbl01_out" does not exist, skipping
-- The following CTAS fails previously, see Github Issue 9365
CREATE TABLE unnest_2d_tbl01_out AS
  SELECT id, (array_unnest_2d_to_1d(val)).* FROM unnest_2d_tbl01;
NOTICE:  Table doesn't have 'DISTRIBUTED BY' clause -- Using column(s) named 'id' as the Greenplum Database data distribution key for this table.
HINT:  The 'DISTRIBUTED BY' clause determines the distribution of data. Make sure column(s) chosen are the optimal data distribution key to minimize skew.
-- Github issue 9790.
-- Previously, CTAS with no data won't handle the 'WITH' clause
CREATE TABLE ctas_base(a int, b int);
NOTICE:  Table doesn't have 'DISTRIBUTED BY' clause -- Using column named 'a' as the Greenplum Database data distribution key for this table.
HINT:  The 'DISTRIBUTED BY' clause determines the distribution of data. Make sure column(s) chosen are the optimal data distribution key to minimize skew.
CREATE TABLE ctas_aocs WITH (appendonly=true, orientation=column) AS SELECT * FROM ctas_base WITH NO DATA;
NOTICE:  Table doesn't have 'DISTRIBUTED BY' clause -- Using column(s) named 'a' as the Greenplum Database data distribution key for this table.
HINT:  The 'DISTRIBUTED BY' clause determines the distribution of data. Make sure column(s) chosen are the optimal data distribution key to minimize skew.
SELECT * FROM ctas_aocs;
 a | b 
---+---
(0 rows)

DROP TABLE ctas_base;
DROP TABLE ctas_aocs;
